[MeetingDetector] Native module loaded, platform: macOS, supported: true
[audit] writing detector events to: /Volumes/Samsung/repositories/mostrom/harke/harke-meeting-detector/logs/mos-607/verification/meet-chrome.ndjson
[audit] dedupe window: 5000ms
[MeetingDetector] Starting native detection
[MeetingDetector] Started monitoring
[audit] meeting_lifecycle #1: meeting_started Google Meet
[MeetingDetector] Parsed signal: {
  event: 'meeting_signal',
  timestamp: '2026-04-07T10:49:40.566419+00:00',
  service: 'Google Meet',
  verdict: 'allowed',
  preflight: false,
  process: 'Google Chrome',
  pid: '',
  parent_pid: '',
  process_path: '',
  front_app: 'Google Meet',
  window_title: '',
  session_id: '',
  camera_active: true,
  chrome_url: undefined,
  mic_active: true
}
[audit] meeting_signal #1: Google Meet | Google Chrome | pid= | front=Google Meet
[MeetingDetector] Skipping duplicate session: {
  event: 'meeting_signal',
  timestamp: '2026-04-07T10:49:41.065042+00:00',
  service: 'Google Meet',
  verdict: 'allowed',
  preflight: false,
  process: 'Google Chrome',
  pid: '',
  parent_pid: '',
  process_path: '',
  front_app: 'Google Meet',
  window_title: '',
  session_id: '',
  camera_active: true,
  chrome_url: '',
  mic_active: true
}
[MeetingDetector] Skipping duplicate session: {
  event: 'meeting_signal',
  timestamp: '2026-04-07T10:49:56.414884+00:00',
  service: 'Google Meet',
  verdict: 'allowed',
  preflight: false,
  process: 'Google Chrome',
  pid: '',
  parent_pid: '',
  process_path: '',
  front_app: 'Google Meet',
  window_title: '',
  session_id: '',
  camera_active: true,
  chrome_url: '',
  mic_active: true
}
[MeetingDetector] Skipping duplicate session: {
  event: 'meeting_signal',
  timestamp: '2026-04-07T10:50:11.549350+00:00',
  service: 'Google Meet',
  verdict: 'allowed',
  preflight: false,
  process: 'Google Chrome',
  pid: '',
  parent_pid: '',
  process_path: '',
  front_app: 'Google Meet',
  window_title: '',
  session_id: '',
  camera_active: true,
  chrome_url: '',
  mic_active: true
}
[MeetingDetector] Skipping duplicate session: {
  event: 'meeting_signal',
  timestamp: '2026-04-07T10:50:26.882382+00:00',
  service: 'Google Meet',
  verdict: 'allowed',
  preflight: false,
  process: 'Google Chrome',
  pid: '',
  parent_pid: '',
  process_path: '',
  front_app: 'Google Meet',
  window_title: '',
  session_id: '',
  camera_active: true,
  chrome_url: '',
  mic_active: true
}
[MeetingDetector] Ignoring signal: {
  event: 'meeting_signal',
  timestamp: '2026-04-07T10:50:36.153453+00:00',
  service: 'Google Chrome',
  verdict: 'allowed',
  preflight: false,
  process: 'Google Chrome',
  pid: '',
  parent_pid: '',
  process_path: '',
  front_app: 'Google Chrome',
  window_title: '(2) Job Interview Simulation and Training - Mock Interview - YouTube - Google Chrome - kaise (Main)',
  session_id: '',
  camera_active: true,
  chrome_url: '',
  mic_active: true
}
[MeetingDetector] Ignoring signal: {
  event: 'meeting_signal',
  timestamp: '2026-04-07T10:50:51.332280+00:00',
  service: 'Google Chrome',
  verdict: 'allowed',
  preflight: false,
  process: 'Google Chrome',
  pid: '',
  parent_pid: '',
  process_path: '',
  front_app: 'Google Chrome',
  window_title: '(2) Job Interview Simulation and Training - Mock Interview - YouTube - Google Chrome - kaise (Main)',
  session_id: '',
  camera_active: true,
  chrome_url: '',
  mic_active: true
}
[audit] meeting_lifecycle #2: meeting_ended Google Meet
[MeetingDetector] Ignoring signal: {
  event: 'meeting_signal',
  timestamp: '2026-04-07T10:51:06.483059+00:00',
  service: 'Google Chrome',
  verdict: 'allowed',
  preflight: false,
  process: 'Google Chrome',
  pid: '',
  parent_pid: '',
  process_path: '',
  front_app: 'Google Chrome',
  window_title: '(2) Job Interview Simulation and Training - Mock Interview - YouTube - Google Chrome - kaise (Main)',
  session_id: '',
  camera_active: true,
  chrome_url: '',
  mic_active: true
}
[MeetingDetector] Ignoring signal: {
  event: 'meeting_signal',
  timestamp: '2026-04-07T10:51:21.682146+00:00',
  service: 'Google Chrome',
  verdict: 'allowed',
  preflight: false,
  process: 'Google Chrome',
  pid: '',
  parent_pid: '',
  process_path: '',
  front_app: 'Google Chrome',
  window_title: '(2) Job Interview Simulation and Training - Mock Interview - YouTube - Google Chrome - kaise (Main)',
  session_id: '',
  camera_active: true,
  chrome_url: '',
  mic_active: true
}
[MeetingDetector] Ignoring signal: {
  event: 'meeting_signal',
  timestamp: '2026-04-07T10:51:36.882331+00:00',
  service: 'Google Chrome',
  verdict: 'allowed',
  preflight: false,
  process: 'Google Chrome',
  pid: '',
  parent_pid: '',
  process_path: '',
  front_app: 'Google Chrome',
  window_title: '(2) Job Interview Simulation and Training - Mock Interview - YouTube - Google Chrome - kaise (Main)',
  session_id: '',
  camera_active: true,
  chrome_url: '',
  mic_active: true
}
[MeetingDetector] Ignoring signal: {
  event: 'meeting_signal',
  timestamp: '2026-04-07T10:51:52.098753+00:00',
  service: 'Google Chrome',
  verdict: 'allowed',
  preflight: false,
  process: 'Google Chrome',
  pid: '',
  parent_pid: '',
  process_path: '',
  front_app: 'Google Chrome',
  window_title: '(2) Job Interview Simulation and Training - Mock Interview - YouTube - Google Chrome - kaise (Main)',
  session_id: '',
  camera_active: true,
  chrome_url: '',
  mic_active: true
}
[MeetingDetector] Stopped monitoring
